Program [line 1]
  FuncDecl name="main" return_type=int parameters={} [line 1]
    Block [line 2]
      VarDecl name="a" type=int is_array=no array_length=1 [line 3]
